// Jest Snapshot v1, https://goo.gl/fbAQLP

exports[`Testing App Component should no render Alert 1`] = `"<div class=\\"MuiContainer-root flex-container MuiContainer-maxWidthLg\\" id=\\"alert-container\\"></div>"`;

exports[`Testing App Component should render Alert with Message = "Error Message" 1`] = `"<div class=\\"MuiContainer-root flex-container MuiContainer-maxWidthLg\\" id=\\"alert-container\\"><div class=\\"MuiPaper-root MuiAlert-root MuiAlert-standardError alert MuiPaper-elevation0\\" role=\\"alert\\"><div class=\\"MuiAlert-icon\\"><svg class=\\"MuiSvgIcon-root MuiSvgIcon-fontSizeInherit\\" focusable=\\"false\\" viewBox=\\"0 0 24 24\\" aria-hidden=\\"true\\"><path d=\\"M11 15h2v2h-2zm0-8h2v6h-2zm.99-5C6.47 2 2 6.48 2 12s4.47 10 9.99 10C17.52 22 22 17.52 22 12S17.52 2 11.99 2zM12 20c-4.42 0-8-3.58-8-8s3.58-8 8-8 8 3.58 8 8-3.58 8-8 8z\\"></path></svg></div><div class=\\"MuiAlert-message\\">Error Message</div><div class=\\"MuiAlert-action\\"><button class=\\"MuiButtonBase-root MuiIconButton-root MuiIconButton-colorInherit MuiIconButton-sizeSmall\\" tabindex=\\"0\\" type=\\"button\\" aria-label=\\"Close\\" title=\\"Close\\"><span class=\\"MuiIconButton-label\\"><svg class=\\"MuiSvgIcon-root MuiSvgIcon-fontSizeSmall\\" focusable=\\"false\\" viewBox=\\"0 0 24 24\\" aria-hidden=\\"true\\"><path d=\\"M19 6.41L17.59 5 12 10.59 6.41 5 5 6.41 10.59 12 5 17.59 6.41 19 12 13.41 17.59 19 19 17.59 13.41 12z\\"></path></svg></span><span class=\\"MuiTouchRipple-root\\"></span></button></div></div></div>"`;
